[02-Aug-2025 09:01:14 Europe/Berlin] PHP Warning:  dns_get_record(): DNS Query failed in C:\xampp\htdocs\tools\models\SpamDatabaseModel.php on line 146
[02-Aug-2025 09:01:14 Europe/Berlin] PHP Warning:  dns_get_record(): DNS Query failed in C:\xampp\htdocs\tools\models\SpamDatabaseModel.php on line 146
[02-Aug-2025 11:08:52 Europe/Berlin] PHP Fatal error:  Maximum execution time of 8 seconds exceeded in C:\xampp\htdocs\tools\models\SpamDatabaseModel.php on line 106
[02-Aug-2025 12:13:29 UTC] Database connection exception: A connection attempt failed because the connected party did not properly respond after a period of time, or established connection failed because connected host has failed to respond
[02-Aug-2025 12:14:14 UTC] Database connection exception: A connection attempt failed because the connected party did not properly respond after a period of time, or established connection failed because connected host has failed to respond
[02-Aug-2025 14:22:32 Europe/Berlin] Database connection exception: A connection attempt failed because the connected party did not properly respond after a period of time, or established connection failed because connected host has failed to respond
[02-Aug-2025 14:38:19 Europe/Berlin] Database connection exception: A connection attempt failed because the connected party did not properly respond after a period of time, or established connection failed because connected host has failed to respond
[02-Aug-2025 14:42:10 Europe/Berlin] Database connection exception: A connection attempt failed because the connected party did not properly respond after a period of time, or established connection failed because connected host has failed to respond
[02-Aug-2025 14:42:37 Europe/Berlin] Database connection exception: A connection attempt failed because the connected party did not properly respond after a period of time, or established connection failed because connected host has failed to respond
[02-Aug-2025 14:43:46 Europe/Berlin] Database connection exception: A connection attempt failed because the connected party did not properly respond after a period of time, or established connection failed because connected host has failed to respond
[02-Aug-2025 14:44:14 Europe/Berlin] PHP Fatal error:  Maximum execution time of 15 seconds exceeded in C:\xampp\htdocs\tools\models\TracerouteModel.php on line 45
[02-Aug-2025 14:45:15 Europe/Berlin] Database connection exception: A connection attempt failed because the connected party did not properly respond after a period of time, or established connection failed because connected host has failed to respond
[02-Aug-2025 14:45:48 Europe/Berlin] Database connection exception: A connection attempt failed because the connected party did not properly respond after a period of time, or established connection failed because connected host has failed to respond
[02-Aug-2025 14:51:42 Europe/Berlin] Database connection exception: A connection attempt failed because the connected party did not properly respond after a period of time, or established connection failed because connected host has failed to respond
[02-Aug-2025 14:53:57 Europe/Berlin] Database connection exception: A connection attempt failed because the connected party did not properly respond after a period of time, or established connection failed because connected host has failed to respond
[02-Aug-2025 14:54:25 Europe/Berlin] Database connection exception: A connection attempt failed because the connected party did not properly respond after a period of time, or established connection failed because connected host has failed to respond
[02-Aug-2025 14:54:57 Europe/Berlin] Database connection exception: A connection attempt failed because the connected party did not properly respond after a period of time, or established connection failed because connected host has failed to respond
[02-Aug-2025 15:02:15 Europe/Berlin] Database connection exception: A connection attempt failed because the connected party did not properly respond after a period of time, or established connection failed because connected host has failed to respond
[02-Aug-2025 15:08:16 Europe/Berlin] Database connection exception: A connection attempt failed because the connected party did not properly respond after a period of time, or established connection failed because connected host has failed to respond
[02-Aug-2025 15:10:55 Europe/Berlin] Database connection exception: A connection attempt failed because the connected party did not properly respond after a period of time, or established connection failed because connected host has failed to respond
[02-Aug-2025 15:12:04 Europe/Berlin] Database connection exception: A connection attempt failed because the connected party did not properly respond after a period of time, or established connection failed because connected host has failed to respond
[02-Aug-2025 15:17:05 Europe/Berlin] Database connection exception: A connection attempt failed because the connected party did not properly respond after a period of time, or established connection failed because connected host has failed to respond
[02-Aug-2025 15:18:15 Europe/Berlin] Database connection exception: A connection attempt failed because the connected party did not properly respond after a period of time, or established connection failed because connected host has failed to respond
[02-Aug-2025 15:48:42 Europe/Berlin] Database connection exception: A connection attempt failed because the connected party did not properly respond after a period of time, or established connection failed because connected host has failed to respond
[02-Aug-2025 16:01:38 Europe/Berlin] Database connection exception: A connection attempt failed because the connected party did not properly respond after a period of time, or established connection failed because connected host has failed to respond
[02-Aug-2025 19:35:37 Europe/Berlin] PHP Fatal error:  Maximum execution time of 6 seconds exceeded in C:\xampp\htdocs\tools\models\TracerouteModel.php on line 61
[02-Aug-2025 19:35:45 Europe/Berlin] PHP Fatal error:  Maximum execution time of 6 seconds exceeded in C:\xampp\htdocs\tools\models\TracerouteModel.php on line 61
[24-Aug-2025 12:46:51 UTC] PHP Fatal error:  Uncaught Error: Undefined constant "DNS_CAA" in C:\xampp\htdocs\tools\models\DnsLookupModel.php:55
Stack trace:
#0 C:\xampp\htdocs\tools\models\DnsLookupModel.php(24): DnsLookupModel->getDnsRecords()
#1 C:\xampp\htdocs\tools\test_tools.php(22): DnsLookupModel->lookup()
#2 {main}
  thrown in C:\xampp\htdocs\tools\models\DnsLookupModel.php on line 55
[24-Aug-2025 12:50:50 UTC] PHP Fatal error:  Uncaught Error: Undefined constant "DNS_CAA" in C:\xampp\htdocs\tools\models\DnsLookupModel.php:55
Stack trace:
#0 C:\xampp\htdocs\tools\models\DnsLookupModel.php(24): DnsLookupModel->getDnsRecords()
#1 C:\xampp\htdocs\tools\test_tools.php(32): DnsLookupModel->lookup()
#2 {main}
  thrown in C:\xampp\htdocs\tools\models\DnsLookupModel.php on line 55
[24-Aug-2025 12:51:32 UTC] PHP Fatal error:  Uncaught Error: Undefined constant "DNS_CAA" in C:\xampp\htdocs\tools\models\DnsLookupModel.php:55
Stack trace:
#0 C:\xampp\htdocs\tools\models\DnsLookupModel.php(24): DnsLookupModel->getDnsRecords()
#1 C:\xampp\htdocs\tools\simple_test.php(11): DnsLookupModel->lookup()
#2 {main}
  thrown in C:\xampp\htdocs\tools\models\DnsLookupModel.php on line 55
[24-Aug-2025 12:55:11 UTC] PHP Fatal error:  Uncaught Error: Undefined constant "DNS_CAA" in C:\xampp\htdocs\tools\models\DnsLookupModel.php:55
Stack trace:
#0 C:\xampp\htdocs\tools\models\DnsLookupModel.php(24): DnsLookupModel->getDnsRecords()
#1 C:\xampp\htdocs\tools\comprehensive_test.php(48): DnsLookupModel->lookup()
#2 {main}
  thrown in C:\xampp\htdocs\tools\models\DnsLookupModel.php on line 55
[24-Aug-2025 12:56:28 UTC] PHP Warning:  foreach() argument must be of type array|object, false given in C:\xampp\htdocs\tools\models\DnssecTestModel.php on line 89
[24-Aug-2025 12:56:28 UTC] Database query error: Table 'u406753664_tools_test.domain_nameservers' doesn't exist
[24-Aug-2025 12:56:28 UTC] Database query error: Table 'u406753664_tools_test.ip_domains' doesn't exist
[24-Aug-2025 12:56:28 UTC] Database query error: Table 'u406753664_tools_test.whois_records' doesn't exist
[24-Aug-2025 12:56:28 UTC] Database query error: Table 'u406753664_tools_test.domain_nameservers' doesn't exist
[24-Aug-2025 12:56:28 UTC] Database query error: Table 'u406753664_tools_test.ip_history' doesn't exist
[24-Aug-2025 12:57:00 UTC] PHP Fatal error:  Uncaught Error: Call to undefined method AsnLookupModel::lookup() in C:\xampp\htdocs\tools\quick_test.php:45
Stack trace:
#0 {main}
  thrown in C:\xampp\htdocs\tools\quick_test.php on line 45
[24-Aug-2025 12:57:43 UTC] PHP Warning:  foreach() argument must be of type array|object, false given in C:\xampp\htdocs\tools\models\DnssecTestModel.php on line 89
[24-Aug-2025 12:57:43 UTC] Database query error: Table 'u406753664_tools_test.domain_nameservers' doesn't exist
[24-Aug-2025 12:57:43 UTC] Database query error: Table 'u406753664_tools_test.ip_domains' doesn't exist
[24-Aug-2025 12:57:44 UTC] Database query error: Table 'u406753664_tools_test.whois_records' doesn't exist
[24-Aug-2025 12:57:44 UTC] Database query error: Table 'u406753664_tools_test.domain_nameservers' doesn't exist
[24-Aug-2025 12:57:44 UTC] Database query error: Table 'u406753664_tools_test.ip_history' doesn't exist
[24-Aug-2025 12:58:15 UTC] PHP Fatal error:  Uncaught Error: Call to undefined method DnsReportModel::generateReport() in C:\xampp\htdocs\tools\final_test.php:45
Stack trace:
#0 {main}
  thrown in C:\xampp\htdocs\tools\final_test.php on line 45
[25-Aug-2025 09:04:10 Europe/Berlin] Database query error: Table 'u406753664_tools_test.domain_mx_records' doesn't exist
[25-Aug-2025 13:01:22 UTC] WHOIS TCP connect failed to whois.comlaude.com: A connection attempt failed because the connected party did not properly respond after a period of time, or established connection failed because connected host has failed to respond (10060)
[25-Aug-2025 13:01:57 UTC] WHOIS TCP connect failed to http://whois.markmonitor.com: Unable to find the socket transport "http" - did you forget to enable it when you configured PHP? (1615309094)
[25-Aug-2025 13:02:12 UTC] WHOIS TCP connect failed to whois.comlaude.com: A connection attempt failed because the connected party did not properly respond after a period of time, or established connection failed because connected host has failed to respond (10060)
[25-Aug-2025 13:02:16 UTC] WHOIS TCP connect failed to http://whois.markmonitor.com: Unable to find the socket transport "http" - did you forget to enable it when you configured PHP? (1615309094)
[25-Aug-2025 13:02:32 UTC] WHOIS TCP connect failed to whois.comlaude.com: A connection attempt failed because the connected party did not properly respond after a period of time, or established connection failed because connected host has failed to respond (10060)
[25-Aug-2025 13:02:54 UTC] WHOIS TCP connect failed to whois.comlaude.com: A connection attempt failed because the connected party did not properly respond after a period of time, or established connection failed because connected host has failed to respond (10060)
[25-Aug-2025 13:03:20 UTC] WHOIS TCP connect failed to http://whois.markmonitor.com: Unable to find the socket transport "http" - did you forget to enable it when you configured PHP? (1615309094)
[25-Aug-2025 13:03:23 UTC] Processed 50 domains...
[25-Aug-2025 13:03:42 UTC] WHOIS TCP connect failed to whois.NameWeb.biz: A connection attempt failed because the connected party did not properly respond after a period of time, or established connection failed because connected host has failed to respond (10060)
[25-Aug-2025 13:03:45 UTC] WHOIS TCP connect failed to http://whois.regtons.com: Unable to find the socket transport "http" - did you forget to enable it when you configured PHP? (1615309094)
[25-Aug-2025 13:04:05 UTC] WHOIS TCP connect failed to http://whois.cscglobal.com: Unable to find the socket transport "http" - did you forget to enable it when you configured PHP? (1615309094)
[25-Aug-2025 13:04:56 UTC] WHOIS TCP connect failed to whois.ename.com: A connection attempt failed because the connected party did not properly respond after a period of time, or established connection failed because connected host has failed to respond (10060)
[25-Aug-2025 13:44:11 UTC] Processed 50 domains, inserted 114 NS rows...
[25-Aug-2025 13:45:01 UTC] Processed 100 domains, inserted 246 NS rows...
[25-Aug-2025 13:45:51 UTC] Processed 150 domains, inserted 373 NS rows...
[25-Aug-2025 13:46:36 UTC] Processed 200 domains, inserted 477 NS rows...
[25-Aug-2025 13:51:02 UTC] WHOIS TCP connect failed to whois.hoster.by: A connection attempt failed because the connected party did not properly respond after a period of time, or established connection failed because connected host has failed to respond (10060)
[25-Aug-2025 13:51:20 UTC] WHOIS TCP connect failed to whois.enom.com: A connection attempt failed because the connected party did not properly respond after a period of time, or established connection failed because connected host has failed to respond (10060)
[25-Aug-2025 13:51:36 UTC] WHOIS TCP connect failed to whois-service.virtualcloud.co: A connection attempt failed because the connected party did not properly respond after a period of time, or established connection failed because connected host has failed to respond (10060)
[25-Aug-2025 13:51:52 UTC] WHOIS TCP connect failed to whois.enom.com: A connection attempt failed because the connected party did not properly respond after a period of time, or established connection failed because connected host has failed to respond (10060)
[25-Aug-2025 13:51:56 UTC] Processed 25 domains, updated 25 WHOIS rows...
[25-Aug-2025 13:53:27 UTC] PHP Deprecated:  Method mysqli::ping() is deprecated since 8.4, because the reconnect feature has been removed in PHP 8.2 and this method is now redundant in C:\xampp\htdocs\tools\scripts\import_whois_records.php on line 87
[25-Aug-2025 13:53:29 UTC] PHP Deprecated:  Method mysqli::ping() is deprecated since 8.4, because the reconnect feature has been removed in PHP 8.2 and this method is now redundant in C:\xampp\htdocs\tools\scripts\import_whois_records.php on line 87
[25-Aug-2025 13:53:30 UTC] PHP Deprecated:  Method mysqli::ping() is deprecated since 8.4, because the reconnect feature has been removed in PHP 8.2 and this method is now redundant in C:\xampp\htdocs\tools\scripts\import_whois_records.php on line 87
[25-Aug-2025 13:53:32 UTC] PHP Deprecated:  Method mysqli::ping() is deprecated since 8.4, because the reconnect feature has been removed in PHP 8.2 and this method is now redundant in C:\xampp\htdocs\tools\scripts\import_whois_records.php on line 87
[25-Aug-2025 13:53:40 UTC] WHOIS TCP connect failed to whois.hoster.by: A connection attempt failed because the connected party did not properly respond after a period of time, or established connection failed because connected host has failed to respond (10060)
[25-Aug-2025 13:53:40 UTC] PHP Deprecated:  Method mysqli::ping() is deprecated since 8.4, because the reconnect feature has been removed in PHP 8.2 and this method is now redundant in C:\xampp\htdocs\tools\scripts\import_whois_records.php on line 87
[25-Aug-2025 13:53:42 UTC] PHP Deprecated:  Method mysqli::ping() is deprecated since 8.4, because the reconnect feature has been removed in PHP 8.2 and this method is now redundant in C:\xampp\htdocs\tools\scripts\import_whois_records.php on line 87
[25-Aug-2025 13:53:42 UTC] PHP Deprecated:  Method mysqli::ping() is deprecated since 8.4, because the reconnect feature has been removed in PHP 8.2 and this method is now redundant in C:\xampp\htdocs\tools\scripts\import_whois_records.php on line 87
[25-Aug-2025 13:53:44 UTC] PHP Deprecated:  Method mysqli::ping() is deprecated since 8.4, because the reconnect feature has been removed in PHP 8.2 and this method is now redundant in C:\xampp\htdocs\tools\scripts\import_whois_records.php on line 87
[25-Aug-2025 13:53:46 UTC] PHP Deprecated:  Method mysqli::ping() is deprecated since 8.4, because the reconnect feature has been removed in PHP 8.2 and this method is now redundant in C:\xampp\htdocs\tools\scripts\import_whois_records.php on line 87
[25-Aug-2025 13:53:46 UTC] PHP Deprecated:  Method mysqli::ping() is deprecated since 8.4, because the reconnect feature has been removed in PHP 8.2 and this method is now redundant in C:\xampp\htdocs\tools\scripts\import_whois_records.php on line 87
[25-Aug-2025 13:53:47 UTC] PHP Deprecated:  Method mysqli::ping() is deprecated since 8.4, because the reconnect feature has been removed in PHP 8.2 and this method is now redundant in C:\xampp\htdocs\tools\scripts\import_whois_records.php on line 87
[25-Aug-2025 13:53:56 UTC] WHOIS TCP connect failed to whois.enom.com: A connection attempt failed because the connected party did not properly respond after a period of time, or established connection failed because connected host has failed to respond (10060)
[25-Aug-2025 13:53:56 UTC] PHP Deprecated:  Method mysqli::ping() is deprecated since 8.4, because the reconnect feature has been removed in PHP 8.2 and this method is now redundant in C:\xampp\htdocs\tools\scripts\import_whois_records.php on line 87
[25-Aug-2025 13:53:58 UTC] PHP Deprecated:  Method mysqli::ping() is deprecated since 8.4, because the reconnect feature has been removed in PHP 8.2 and this method is now redundant in C:\xampp\htdocs\tools\scripts\import_whois_records.php on line 87
[25-Aug-2025 13:54:00 UTC] PHP Deprecated:  Method mysqli::ping() is deprecated since 8.4, because the reconnect feature has been removed in PHP 8.2 and this method is now redundant in C:\xampp\htdocs\tools\scripts\import_whois_records.php on line 87
[25-Aug-2025 13:54:01 UTC] PHP Deprecated:  Method mysqli::ping() is deprecated since 8.4, because the reconnect feature has been removed in PHP 8.2 and this method is now redundant in C:\xampp\htdocs\tools\scripts\import_whois_records.php on line 87
[25-Aug-2025 13:54:02 UTC] PHP Deprecated:  Method mysqli::ping() is deprecated since 8.4, because the reconnect feature has been removed in PHP 8.2 and this method is now redundant in C:\xampp\htdocs\tools\scripts\import_whois_records.php on line 87
[25-Aug-2025 13:54:11 UTC] WHOIS TCP connect failed to whois-service.virtualcloud.co: A connection attempt failed because the connected party did not properly respond after a period of time, or established connection failed because connected host has failed to respond (10060)
[25-Aug-2025 13:54:11 UTC] PHP Deprecated:  Method mysqli::ping() is deprecated since 8.4, because the reconnect feature has been removed in PHP 8.2 and this method is now redundant in C:\xampp\htdocs\tools\scripts\import_whois_records.php on line 87
[25-Aug-2025 13:54:14 UTC] PHP Deprecated:  Method mysqli::ping() is deprecated since 8.4, because the reconnect feature has been removed in PHP 8.2 and this method is now redundant in C:\xampp\htdocs\tools\scripts\import_whois_records.php on line 87
[25-Aug-2025 13:54:16 UTC] PHP Deprecated:  Method mysqli::ping() is deprecated since 8.4, because the reconnect feature has been removed in PHP 8.2 and this method is now redundant in C:\xampp\htdocs\tools\scripts\import_whois_records.php on line 87
[25-Aug-2025 13:54:17 UTC] PHP Deprecated:  Method mysqli::ping() is deprecated since 8.4, because the reconnect feature has been removed in PHP 8.2 and this method is now redundant in C:\xampp\htdocs\tools\scripts\import_whois_records.php on line 87
[25-Aug-2025 13:54:18 UTC] PHP Deprecated:  Method mysqli::ping() is deprecated since 8.4, because the reconnect feature has been removed in PHP 8.2 and this method is now redundant in C:\xampp\htdocs\tools\scripts\import_whois_records.php on line 87
[25-Aug-2025 13:54:19 UTC] PHP Deprecated:  Method mysqli::ping() is deprecated since 8.4, because the reconnect feature has been removed in PHP 8.2 and this method is now redundant in C:\xampp\htdocs\tools\scripts\import_whois_records.php on line 87
[25-Aug-2025 13:54:20 UTC] PHP Deprecated:  Method mysqli::ping() is deprecated since 8.4, because the reconnect feature has been removed in PHP 8.2 and this method is now redundant in C:\xampp\htdocs\tools\scripts\import_whois_records.php on line 87
[25-Aug-2025 13:54:29 UTC] WHOIS TCP connect failed to whois.enom.com: A connection attempt failed because the connected party did not properly respond after a period of time, or established connection failed because connected host has failed to respond (10060)
[25-Aug-2025 13:54:29 UTC] PHP Deprecated:  Method mysqli::ping() is deprecated since 8.4, because the reconnect feature has been removed in PHP 8.2 and this method is now redundant in C:\xampp\htdocs\tools\scripts\import_whois_records.php on line 87
[25-Aug-2025 13:54:31 UTC] PHP Deprecated:  Method mysqli::ping() is deprecated since 8.4, because the reconnect feature has been removed in PHP 8.2 and this method is now redundant in C:\xampp\htdocs\tools\scripts\import_whois_records.php on line 87
[25-Aug-2025 13:54:33 UTC] Processed 25 domains, updated 25 WHOIS rows...
[25-Aug-2025 13:54:33 UTC] PHP Deprecated:  Method mysqli::ping() is deprecated since 8.4, because the reconnect feature has been removed in PHP 8.2 and this method is now redundant in C:\xampp\htdocs\tools\scripts\import_whois_records.php on line 87
[25-Aug-2025 13:54:35 UTC] PHP Deprecated:  Method mysqli::ping() is deprecated since 8.4, because the reconnect feature has been removed in PHP 8.2 and this method is now redundant in C:\xampp\htdocs\tools\scripts\import_whois_records.php on line 87
[25-Aug-2025 13:54:36 UTC] PHP Deprecated:  Method mysqli::ping() is deprecated since 8.4, because the reconnect feature has been removed in PHP 8.2 and this method is now redundant in C:\xampp\htdocs\tools\scripts\import_whois_records.php on line 87
[25-Aug-2025 13:54:37 UTC] PHP Deprecated:  Method mysqli::ping() is deprecated since 8.4, because the reconnect feature has been removed in PHP 8.2 and this method is now redundant in C:\xampp\htdocs\tools\scripts\import_whois_records.php on line 87
[25-Aug-2025 13:54:38 UTC] PHP Deprecated:  Method mysqli::ping() is deprecated since 8.4, because the reconnect feature has been removed in PHP 8.2 and this method is now redundant in C:\xampp\htdocs\tools\scripts\import_whois_records.php on line 87
[25-Aug-2025 13:54:39 UTC] PHP Deprecated:  Method mysqli::ping() is deprecated since 8.4, because the reconnect feature has been removed in PHP 8.2 and this method is now redundant in C:\xampp\htdocs\tools\scripts\import_whois_records.php on line 87
[25-Aug-2025 13:54:40 UTC] PHP Deprecated:  Method mysqli::ping() is deprecated since 8.4, because the reconnect feature has been removed in PHP 8.2 and this method is now redundant in C:\xampp\htdocs\tools\scripts\import_whois_records.php on line 87
[25-Aug-2025 13:54:42 UTC] PHP Deprecated:  Method mysqli::ping() is deprecated since 8.4, because the reconnect feature has been removed in PHP 8.2 and this method is now redundant in C:\xampp\htdocs\tools\scripts\import_whois_records.php on line 87
[25-Aug-2025 13:54:43 UTC] PHP Deprecated:  Method mysqli::ping() is deprecated since 8.4, because the reconnect feature has been removed in PHP 8.2 and this method is now redundant in C:\xampp\htdocs\tools\scripts\import_whois_records.php on line 87
[25-Aug-2025 13:54:44 UTC] PHP Deprecated:  Method mysqli::ping() is deprecated since 8.4, because the reconnect feature has been removed in PHP 8.2 and this method is now redundant in C:\xampp\htdocs\tools\scripts\import_whois_records.php on line 87
[25-Aug-2025 13:54:46 UTC] PHP Deprecated:  Method mysqli::ping() is deprecated since 8.4, because the reconnect feature has been removed in PHP 8.2 and this method is now redundant in C:\xampp\htdocs\tools\scripts\import_whois_records.php on line 87
[25-Aug-2025 13:54:47 UTC] PHP Deprecated:  Method mysqli::ping() is deprecated since 8.4, because the reconnect feature has been removed in PHP 8.2 and this method is now redundant in C:\xampp\htdocs\tools\scripts\import_whois_records.php on line 87
[25-Aug-2025 13:54:48 UTC] PHP Deprecated:  Method mysqli::ping() is deprecated since 8.4, because the reconnect feature has been removed in PHP 8.2 and this method is now redundant in C:\xampp\htdocs\tools\scripts\import_whois_records.php on line 87
[25-Aug-2025 13:54:49 UTC] PHP Deprecated:  Method mysqli::ping() is deprecated since 8.4, because the reconnect feature has been removed in PHP 8.2 and this method is now redundant in C:\xampp\htdocs\tools\scripts\import_whois_records.php on line 87
[25-Aug-2025 13:54:51 UTC] PHP Deprecated:  Method mysqli::ping() is deprecated since 8.4, because the reconnect feature has been removed in PHP 8.2 and this method is now redundant in C:\xampp\htdocs\tools\scripts\import_whois_records.php on line 87
[25-Aug-2025 13:54:53 UTC] PHP Deprecated:  Method mysqli::ping() is deprecated since 8.4, because the reconnect feature has been removed in PHP 8.2 and this method is now redundant in C:\xampp\htdocs\tools\scripts\import_whois_records.php on line 87
[25-Aug-2025 13:54:54 UTC] PHP Deprecated:  Method mysqli::ping() is deprecated since 8.4, because the reconnect feature has been removed in PHP 8.2 and this method is now redundant in C:\xampp\htdocs\tools\scripts\import_whois_records.php on line 87
[25-Aug-2025 13:54:56 UTC] PHP Deprecated:  Method mysqli::ping() is deprecated since 8.4, because the reconnect feature has been removed in PHP 8.2 and this method is now redundant in C:\xampp\htdocs\tools\scripts\import_whois_records.php on line 87
[25-Aug-2025 13:54:57 UTC] PHP Deprecated:  Method mysqli::ping() is deprecated since 8.4, because the reconnect feature has been removed in PHP 8.2 and this method is now redundant in C:\xampp\htdocs\tools\scripts\import_whois_records.php on line 87
[25-Aug-2025 13:55:05 UTC] PHP Deprecated:  Method mysqli::ping() is deprecated since 8.4, because the reconnect feature has been removed in PHP 8.2 and this method is now redundant in C:\xampp\htdocs\tools\scripts\import_whois_records.php on line 87
[25-Aug-2025 13:55:08 UTC] PHP Deprecated:  Method mysqli::ping() is deprecated since 8.4, because the reconnect feature has been removed in PHP 8.2 and this method is now redundant in C:\xampp\htdocs\tools\scripts\import_whois_records.php on line 87
[25-Aug-2025 13:55:16 UTC] WHOIS TCP connect failed to whois.namebright.com: A connection attempt failed because the connected party did not properly respond after a period of time, or established connection failed because connected host has failed to respond (10060)
[25-Aug-2025 13:55:16 UTC] PHP Deprecated:  Method mysqli::ping() is deprecated since 8.4, because the reconnect feature has been removed in PHP 8.2 and this method is now redundant in C:\xampp\htdocs\tools\scripts\import_whois_records.php on line 87
[25-Aug-2025 13:55:18 UTC] PHP Deprecated:  Method mysqli::ping() is deprecated since 8.4, because the reconnect feature has been removed in PHP 8.2 and this method is now redundant in C:\xampp\htdocs\tools\scripts\import_whois_records.php on line 87
[25-Aug-2025 13:55:20 UTC] PHP Deprecated:  Method mysqli::ping() is deprecated since 8.4, because the reconnect feature has been removed in PHP 8.2 and this method is now redundant in C:\xampp\htdocs\tools\scripts\import_whois_records.php on line 87
[25-Aug-2025 13:55:21 UTC] PHP Deprecated:  Method mysqli::ping() is deprecated since 8.4, because the reconnect feature has been removed in PHP 8.2 and this method is now redundant in C:\xampp\htdocs\tools\scripts\import_whois_records.php on line 87
[25-Aug-2025 13:55:23 UTC] Processed 50 domains, updated 50 WHOIS rows...
[26-Aug-2025 12:01:37 UTC] PHP Warning:  Cannot modify header information - headers already sent by (output started at /mnt/LocalDisk/CyberJagrithi/tools/test_all_tools.php:321) in /mnt/LocalDisk/CyberJagrithi/tools/security/SecurityUtils.php on line 203
[26-Aug-2025 12:01:37 UTC] PHP Warning:  Cannot modify header information - headers already sent by (output started at /mnt/LocalDisk/CyberJagrithi/tools/test_all_tools.php:321) in /mnt/LocalDisk/CyberJagrithi/tools/security/SecurityUtils.php on line 204
[26-Aug-2025 12:01:37 UTC] PHP Warning:  Cannot modify header information - headers already sent by (output started at /mnt/LocalDisk/CyberJagrithi/tools/test_all_tools.php:321) in /mnt/LocalDisk/CyberJagrithi/tools/security/SecurityUtils.php on line 205
[26-Aug-2025 12:01:37 UTC] PHP Warning:  Cannot modify header information - headers already sent by (output started at /mnt/LocalDisk/CyberJagrithi/tools/test_all_tools.php:321) in /mnt/LocalDisk/CyberJagrithi/tools/security/SecurityUtils.php on line 206
[26-Aug-2025 12:01:37 UTC] PHP Warning:  Cannot modify header information - headers already sent by (output started at /mnt/LocalDisk/CyberJagrithi/tools/test_all_tools.php:321) in /mnt/LocalDisk/CyberJagrithi/tools/security/SecurityUtils.php on line 207
[26-Aug-2025 12:01:37 UTC] PHP Warning:  Undefined variable $mysqli in /mnt/LocalDisk/CyberJagrithi/tools/abuse-lookup/backend.php on line 12
[26-Aug-2025 12:01:37 UTC] PHP Warning:  Undefined variable $mysqli in /mnt/LocalDisk/CyberJagrithi/tools/abuse-lookup/backend.php on line 14
[26-Aug-2025 12:01:37 UTC] PHP Warning:  Cannot modify header information - headers already sent by (output started at /mnt/LocalDisk/CyberJagrithi/tools/test_all_tools.php:321) in /mnt/LocalDisk/CyberJagrithi/tools/views/jsonView.php on line 3
[26-Aug-2025 12:01:37 UTC] PHP Warning:  Cannot modify header information - headers already sent by (output started at /mnt/LocalDisk/CyberJagrithi/tools/test_all_tools.php:321) in /mnt/LocalDisk/CyberJagrithi/tools/views/jsonView.php on line 4
[26-Aug-2025 12:01:37 UTC] PHP Warning:  Cannot modify header information - headers already sent by (output started at /mnt/LocalDisk/CyberJagrithi/tools/test_all_tools.php:321) in /mnt/LocalDisk/CyberJagrithi/tools/views/jsonView.php on line 5
[26-Aug-2025 12:01:37 UTC] PHP Warning:  Cannot modify header information - headers already sent by (output started at /mnt/LocalDisk/CyberJagrithi/tools/test_all_tools.php:321) in /mnt/LocalDisk/CyberJagrithi/tools/views/jsonView.php on line 6
[26-Aug-2025 12:01:37 UTC] PHP Warning:  http_response_code(): Cannot set response code - headers already sent (output started at /mnt/LocalDisk/CyberJagrithi/tools/test_all_tools.php:321) in /mnt/LocalDisk/CyberJagrithi/tools/controllers/AsnLookupController.php on line 30
[26-Aug-2025 12:01:37 UTC] PHP Warning:  Cannot modify header information - headers already sent by (output started at /mnt/LocalDisk/CyberJagrithi/tools/test_all_tools.php:321) in /mnt/LocalDisk/CyberJagrithi/tools/security/SecurityUtils.php on line 203
[26-Aug-2025 12:01:37 UTC] PHP Warning:  Cannot modify header information - headers already sent by (output started at /mnt/LocalDisk/CyberJagrithi/tools/test_all_tools.php:321) in /mnt/LocalDisk/CyberJagrithi/tools/security/SecurityUtils.php on line 204
[26-Aug-2025 12:01:37 UTC] PHP Warning:  Cannot modify header information - headers already sent by (output started at /mnt/LocalDisk/CyberJagrithi/tools/test_all_tools.php:321) in /mnt/LocalDisk/CyberJagrithi/tools/security/SecurityUtils.php on line 205
[26-Aug-2025 12:01:37 UTC] PHP Warning:  Cannot modify header information - headers already sent by (output started at /mnt/LocalDisk/CyberJagrithi/tools/test_all_tools.php:321) in /mnt/LocalDisk/CyberJagrithi/tools/security/SecurityUtils.php on line 206
[26-Aug-2025 12:01:37 UTC] PHP Warning:  Cannot modify header information - headers already sent by (output started at /mnt/LocalDisk/CyberJagrithi/tools/test_all_tools.php:321) in /mnt/LocalDisk/CyberJagrithi/tools/security/SecurityUtils.php on line 207
[26-Aug-2025 12:01:37 UTC] PHP Warning:  Undefined variable $mysqli in /mnt/LocalDisk/CyberJagrithi/tools/asn-lookup/backend.php on line 12
[26-Aug-2025 12:01:37 UTC] PHP Warning:  Cannot modify header information - headers already sent by (output started at /mnt/LocalDisk/CyberJagrithi/tools/test_all_tools.php:321) in /mnt/LocalDisk/CyberJagrithi/tools/security/SecurityUtils.php on line 203
[26-Aug-2025 12:01:37 UTC] PHP Warning:  Cannot modify header information - headers already sent by (output started at /mnt/LocalDisk/CyberJagrithi/tools/test_all_tools.php:321) in /mnt/LocalDisk/CyberJagrithi/tools/security/SecurityUtils.php on line 204
[26-Aug-2025 12:01:37 UTC] PHP Warning:  Cannot modify header information - headers already sent by (output started at /mnt/LocalDisk/CyberJagrithi/tools/test_all_tools.php:321) in /mnt/LocalDisk/CyberJagrithi/tools/security/SecurityUtils.php on line 205
[26-Aug-2025 12:01:37 UTC] PHP Warning:  Cannot modify header information - headers already sent by (output started at /mnt/LocalDisk/CyberJagrithi/tools/test_all_tools.php:321) in /mnt/LocalDisk/CyberJagrithi/tools/security/SecurityUtils.php on line 206
[26-Aug-2025 12:01:37 UTC] PHP Warning:  Cannot modify header information - headers already sent by (output started at /mnt/LocalDisk/CyberJagrithi/tools/test_all_tools.php:321) in /mnt/LocalDisk/CyberJagrithi/tools/security/SecurityUtils.php on line 207
[26-Aug-2025 12:01:37 UTC] PHP Warning:  Undefined variable $mysqli in /mnt/LocalDisk/CyberJagrithi/tools/dns-lookup/backend.php on line 13
[26-Aug-2025 12:01:37 UTC] PHP Warning:  Undefined variable $mysqli in /mnt/LocalDisk/CyberJagrithi/tools/dns-lookup/backend.php on line 15
[26-Aug-2025 12:01:37 UTC] PHP Warning:  Cannot modify header information - headers already sent by (output started at /mnt/LocalDisk/CyberJagrithi/tools/test_all_tools.php:321) in /mnt/LocalDisk/CyberJagrithi/tools/views/jsonView.php on line 3
[26-Aug-2025 12:01:37 UTC] PHP Warning:  Cannot modify header information - headers already sent by (output started at /mnt/LocalDisk/CyberJagrithi/tools/test_all_tools.php:321) in /mnt/LocalDisk/CyberJagrithi/tools/views/jsonView.php on line 4
[26-Aug-2025 12:01:37 UTC] PHP Warning:  Cannot modify header information - headers already sent by (output started at /mnt/LocalDisk/CyberJagrithi/tools/test_all_tools.php:321) in /mnt/LocalDisk/CyberJagrithi/tools/views/jsonView.php on line 5
[26-Aug-2025 12:01:37 UTC] PHP Warning:  Cannot modify header information - headers already sent by (output started at /mnt/LocalDisk/CyberJagrithi/tools/test_all_tools.php:321) in /mnt/LocalDisk/CyberJagrithi/tools/views/jsonView.php on line 6
[26-Aug-2025 12:01:37 UTC] PHP Deprecated:  Creation of dynamic property DnsPropagationModel::$mysqli is deprecated in /mnt/LocalDisk/CyberJagrithi/tools/models/DnsPropagationModel.php on line 6
[26-Aug-2025 12:01:37 UTC] PHP Warning:  Cannot modify header information - headers already sent by (output started at /mnt/LocalDisk/CyberJagrithi/tools/test_all_tools.php:321) in /mnt/LocalDisk/CyberJagrithi/tools/security/SecurityUtils.php on line 203
[26-Aug-2025 12:01:37 UTC] PHP Warning:  Cannot modify header information - headers already sent by (output started at /mnt/LocalDisk/CyberJagrithi/tools/test_all_tools.php:321) in /mnt/LocalDisk/CyberJagrithi/tools/security/SecurityUtils.php on line 204
[26-Aug-2025 12:01:37 UTC] PHP Warning:  Cannot modify header information - headers already sent by (output started at /mnt/LocalDisk/CyberJagrithi/tools/test_all_tools.php:321) in /mnt/LocalDisk/CyberJagrithi/tools/security/SecurityUtils.php on line 205
[26-Aug-2025 12:01:37 UTC] PHP Warning:  Cannot modify header information - headers already sent by (output started at /mnt/LocalDisk/CyberJagrithi/tools/test_all_tools.php:321) in /mnt/LocalDisk/CyberJagrithi/tools/security/SecurityUtils.php on line 206
[26-Aug-2025 12:01:37 UTC] PHP Warning:  Cannot modify header information - headers already sent by (output started at /mnt/LocalDisk/CyberJagrithi/tools/test_all_tools.php:321) in /mnt/LocalDisk/CyberJagrithi/tools/security/SecurityUtils.php on line 207
[26-Aug-2025 12:01:37 UTC] PHP Warning:  Undefined variable $mysqli in /mnt/LocalDisk/CyberJagrithi/tools/dns-propagation/backend.php on line 13
[26-Aug-2025 12:01:37 UTC] PHP Deprecated:  Creation of dynamic property DnsPropagationModel::$mysqli is deprecated in /mnt/LocalDisk/CyberJagrithi/tools/models/DnsPropagationModel.php on line 6
[26-Aug-2025 12:01:37 UTC] PHP Warning:  Undefined variable $mysqli in /mnt/LocalDisk/CyberJagrithi/tools/dns-propagation/backend.php on line 15
[26-Aug-2025 12:01:37 UTC] PHP Warning:  Cannot modify header information - headers already sent by (output started at /mnt/LocalDisk/CyberJagrithi/tools/test_all_tools.php:321) in /mnt/LocalDisk/CyberJagrithi/tools/views/jsonView.php on line 3
[26-Aug-2025 12:01:37 UTC] PHP Warning:  Cannot modify header information - headers already sent by (output started at /mnt/LocalDisk/CyberJagrithi/tools/test_all_tools.php:321) in /mnt/LocalDisk/CyberJagrithi/tools/views/jsonView.php on line 4
[26-Aug-2025 12:01:37 UTC] PHP Warning:  Cannot modify header information - headers already sent by (output started at /mnt/LocalDisk/CyberJagrithi/tools/test_all_tools.php:321) in /mnt/LocalDisk/CyberJagrithi/tools/views/jsonView.php on line 5
[26-Aug-2025 12:01:37 UTC] PHP Warning:  Cannot modify header information - headers already sent by (output started at /mnt/LocalDisk/CyberJagrithi/tools/test_all_tools.php:321) in /mnt/LocalDisk/CyberJagrithi/tools/views/jsonView.php on line 6
[26-Aug-2025 12:01:37 UTC] PHP Warning:  Cannot modify header information - headers already sent by (output started at /mnt/LocalDisk/CyberJagrithi/tools/test_all_tools.php:321) in /mnt/LocalDisk/CyberJagrithi/tools/security/SecurityUtils.php on line 203
[26-Aug-2025 12:01:37 UTC] PHP Warning:  Cannot modify header information - headers already sent by (output started at /mnt/LocalDisk/CyberJagrithi/tools/test_all_tools.php:321) in /mnt/LocalDisk/CyberJagrithi/tools/security/SecurityUtils.php on line 204
[26-Aug-2025 12:01:37 UTC] PHP Warning:  Cannot modify header information - headers already sent by (output started at /mnt/LocalDisk/CyberJagrithi/tools/test_all_tools.php:321) in /mnt/LocalDisk/CyberJagrithi/tools/security/SecurityUtils.php on line 205
[26-Aug-2025 12:01:37 UTC] PHP Warning:  Cannot modify header information - headers already sent by (output started at /mnt/LocalDisk/CyberJagrithi/tools/test_all_tools.php:321) in /mnt/LocalDisk/CyberJagrithi/tools/security/SecurityUtils.php on line 206
[26-Aug-2025 12:01:37 UTC] PHP Warning:  Cannot modify header information - headers already sent by (output started at /mnt/LocalDisk/CyberJagrithi/tools/test_all_tools.php:321) in /mnt/LocalDisk/CyberJagrithi/tools/security/SecurityUtils.php on line 207
[26-Aug-2025 12:01:37 UTC] PHP Warning:  Undefined variable $mysqli in /mnt/LocalDisk/CyberJagrithi/tools/dns-report/backend.php on line 12
[26-Aug-2025 12:01:37 UTC] PHP Fatal error:  Cannot redeclare function is_public_ip() (previously declared in /mnt/LocalDisk/CyberJagrithi/tools/models/DnsReportModel.php:22) in /mnt/LocalDisk/CyberJagrithi/tools/models/DnsReportModel.php on line 22
[26-Aug-2025 12:01:58 UTC] PHP Warning:  Cannot modify header information - headers already sent by (output started at /mnt/LocalDisk/CyberJagrithi/tools/test_all_tools.php:321) in /mnt/LocalDisk/CyberJagrithi/tools/security/SecurityUtils.php on line 203
[26-Aug-2025 12:01:58 UTC] PHP Warning:  Cannot modify header information - headers already sent by (output started at /mnt/LocalDisk/CyberJagrithi/tools/test_all_tools.php:321) in /mnt/LocalDisk/CyberJagrithi/tools/security/SecurityUtils.php on line 204
[26-Aug-2025 12:01:58 UTC] PHP Warning:  Cannot modify header information - headers already sent by (output started at /mnt/LocalDisk/CyberJagrithi/tools/test_all_tools.php:321) in /mnt/LocalDisk/CyberJagrithi/tools/security/SecurityUtils.php on line 205
[26-Aug-2025 12:01:58 UTC] PHP Warning:  Cannot modify header information - headers already sent by (output started at /mnt/LocalDisk/CyberJagrithi/tools/test_all_tools.php:321) in /mnt/LocalDisk/CyberJagrithi/tools/security/SecurityUtils.php on line 206
[26-Aug-2025 12:01:58 UTC] PHP Warning:  Cannot modify header information - headers already sent by (output started at /mnt/LocalDisk/CyberJagrithi/tools/test_all_tools.php:321) in /mnt/LocalDisk/CyberJagrithi/tools/security/SecurityUtils.php on line 207
[26-Aug-2025 12:01:58 UTC] PHP Warning:  Undefined variable $mysqli in /mnt/LocalDisk/CyberJagrithi/tools/abuse-lookup/backend.php on line 12
[26-Aug-2025 12:01:58 UTC] PHP Warning:  Undefined variable $mysqli in /mnt/LocalDisk/CyberJagrithi/tools/abuse-lookup/backend.php on line 14
[26-Aug-2025 12:01:58 UTC] PHP Warning:  Cannot modify header information - headers already sent by (output started at /mnt/LocalDisk/CyberJagrithi/tools/test_all_tools.php:321) in /mnt/LocalDisk/CyberJagrithi/tools/views/jsonView.php on line 3
[26-Aug-2025 12:01:58 UTC] PHP Warning:  Cannot modify header information - headers already sent by (output started at /mnt/LocalDisk/CyberJagrithi/tools/test_all_tools.php:321) in /mnt/LocalDisk/CyberJagrithi/tools/views/jsonView.php on line 4
[26-Aug-2025 12:01:58 UTC] PHP Warning:  Cannot modify header information - headers already sent by (output started at /mnt/LocalDisk/CyberJagrithi/tools/test_all_tools.php:321) in /mnt/LocalDisk/CyberJagrithi/tools/views/jsonView.php on line 5
[26-Aug-2025 12:01:58 UTC] PHP Warning:  Cannot modify header information - headers already sent by (output started at /mnt/LocalDisk/CyberJagrithi/tools/test_all_tools.php:321) in /mnt/LocalDisk/CyberJagrithi/tools/views/jsonView.php on line 6
[26-Aug-2025 12:01:59 UTC] PHP Warning:  http_response_code(): Cannot set response code - headers already sent (output started at /mnt/LocalDisk/CyberJagrithi/tools/test_all_tools.php:321) in /mnt/LocalDisk/CyberJagrithi/tools/controllers/AsnLookupController.php on line 30
[26-Aug-2025 12:01:59 UTC] PHP Warning:  Cannot modify header information - headers already sent by (output started at /mnt/LocalDisk/CyberJagrithi/tools/test_all_tools.php:321) in /mnt/LocalDisk/CyberJagrithi/tools/security/SecurityUtils.php on line 203
[26-Aug-2025 12:01:59 UTC] PHP Warning:  Cannot modify header information - headers already sent by (output started at /mnt/LocalDisk/CyberJagrithi/tools/test_all_tools.php:321) in /mnt/LocalDisk/CyberJagrithi/tools/security/SecurityUtils.php on line 204
[26-Aug-2025 12:01:59 UTC] PHP Warning:  Cannot modify header information - headers already sent by (output started at /mnt/LocalDisk/CyberJagrithi/tools/test_all_tools.php:321) in /mnt/LocalDisk/CyberJagrithi/tools/security/SecurityUtils.php on line 205
[26-Aug-2025 12:01:59 UTC] PHP Warning:  Cannot modify header information - headers already sent by (output started at /mnt/LocalDisk/CyberJagrithi/tools/test_all_tools.php:321) in /mnt/LocalDisk/CyberJagrithi/tools/security/SecurityUtils.php on line 206
[26-Aug-2025 12:01:59 UTC] PHP Warning:  Cannot modify header information - headers already sent by (output started at /mnt/LocalDisk/CyberJagrithi/tools/test_all_tools.php:321) in /mnt/LocalDisk/CyberJagrithi/tools/security/SecurityUtils.php on line 207
[26-Aug-2025 12:01:59 UTC] PHP Warning:  Undefined variable $mysqli in /mnt/LocalDisk/CyberJagrithi/tools/asn-lookup/backend.php on line 12
[26-Aug-2025 12:01:59 UTC] PHP Warning:  Cannot modify header information - headers already sent by (output started at /mnt/LocalDisk/CyberJagrithi/tools/test_all_tools.php:321) in /mnt/LocalDisk/CyberJagrithi/tools/security/SecurityUtils.php on line 203
[26-Aug-2025 12:01:59 UTC] PHP Warning:  Cannot modify header information - headers already sent by (output started at /mnt/LocalDisk/CyberJagrithi/tools/test_all_tools.php:321) in /mnt/LocalDisk/CyberJagrithi/tools/security/SecurityUtils.php on line 204
[26-Aug-2025 12:01:59 UTC] PHP Warning:  Cannot modify header information - headers already sent by (output started at /mnt/LocalDisk/CyberJagrithi/tools/test_all_tools.php:321) in /mnt/LocalDisk/CyberJagrithi/tools/security/SecurityUtils.php on line 205
[26-Aug-2025 12:01:59 UTC] PHP Warning:  Cannot modify header information - headers already sent by (output started at /mnt/LocalDisk/CyberJagrithi/tools/test_all_tools.php:321) in /mnt/LocalDisk/CyberJagrithi/tools/security/SecurityUtils.php on line 206
[26-Aug-2025 12:01:59 UTC] PHP Warning:  Cannot modify header information - headers already sent by (output started at /mnt/LocalDisk/CyberJagrithi/tools/test_all_tools.php:321) in /mnt/LocalDisk/CyberJagrithi/tools/security/SecurityUtils.php on line 207
[26-Aug-2025 12:01:59 UTC] PHP Warning:  Undefined variable $mysqli in /mnt/LocalDisk/CyberJagrithi/tools/dns-lookup/backend.php on line 13
[26-Aug-2025 12:01:59 UTC] PHP Warning:  Undefined variable $mysqli in /mnt/LocalDisk/CyberJagrithi/tools/dns-lookup/backend.php on line 15
[26-Aug-2025 12:01:59 UTC] PHP Warning:  Cannot modify header information - headers already sent by (output started at /mnt/LocalDisk/CyberJagrithi/tools/test_all_tools.php:321) in /mnt/LocalDisk/CyberJagrithi/tools/views/jsonView.php on line 3
[26-Aug-2025 12:01:59 UTC] PHP Warning:  Cannot modify header information - headers already sent by (output started at /mnt/LocalDisk/CyberJagrithi/tools/test_all_tools.php:321) in /mnt/LocalDisk/CyberJagrithi/tools/views/jsonView.php on line 4
[26-Aug-2025 12:01:59 UTC] PHP Warning:  Cannot modify header information - headers already sent by (output started at /mnt/LocalDisk/CyberJagrithi/tools/test_all_tools.php:321) in /mnt/LocalDisk/CyberJagrithi/tools/views/jsonView.php on line 5
[26-Aug-2025 12:01:59 UTC] PHP Warning:  Cannot modify header information - headers already sent by (output started at /mnt/LocalDisk/CyberJagrithi/tools/test_all_tools.php:321) in /mnt/LocalDisk/CyberJagrithi/tools/views/jsonView.php on line 6
[26-Aug-2025 12:01:59 UTC] PHP Deprecated:  Creation of dynamic property DnsPropagationModel::$mysqli is deprecated in /mnt/LocalDisk/CyberJagrithi/tools/models/DnsPropagationModel.php on line 6
[26-Aug-2025 12:01:59 UTC] PHP Warning:  Cannot modify header information - headers already sent by (output started at /mnt/LocalDisk/CyberJagrithi/tools/test_all_tools.php:321) in /mnt/LocalDisk/CyberJagrithi/tools/security/SecurityUtils.php on line 203
[26-Aug-2025 12:01:59 UTC] PHP Warning:  Cannot modify header information - headers already sent by (output started at /mnt/LocalDisk/CyberJagrithi/tools/test_all_tools.php:321) in /mnt/LocalDisk/CyberJagrithi/tools/security/SecurityUtils.php on line 204
[26-Aug-2025 12:01:59 UTC] PHP Warning:  Cannot modify header information - headers already sent by (output started at /mnt/LocalDisk/CyberJagrithi/tools/test_all_tools.php:321) in /mnt/LocalDisk/CyberJagrithi/tools/security/SecurityUtils.php on line 205
[26-Aug-2025 12:01:59 UTC] PHP Warning:  Cannot modify header information - headers already sent by (output started at /mnt/LocalDisk/CyberJagrithi/tools/test_all_tools.php:321) in /mnt/LocalDisk/CyberJagrithi/tools/security/SecurityUtils.php on line 206
[26-Aug-2025 12:01:59 UTC] PHP Warning:  Cannot modify header information - headers already sent by (output started at /mnt/LocalDisk/CyberJagrithi/tools/test_all_tools.php:321) in /mnt/LocalDisk/CyberJagrithi/tools/security/SecurityUtils.php on line 207
[26-Aug-2025 12:01:59 UTC] PHP Warning:  Undefined variable $mysqli in /mnt/LocalDisk/CyberJagrithi/tools/dns-propagation/backend.php on line 13
[26-Aug-2025 12:01:59 UTC] PHP Deprecated:  Creation of dynamic property DnsPropagationModel::$mysqli is deprecated in /mnt/LocalDisk/CyberJagrithi/tools/models/DnsPropagationModel.php on line 6
[26-Aug-2025 12:01:59 UTC] PHP Warning:  Undefined variable $mysqli in /mnt/LocalDisk/CyberJagrithi/tools/dns-propagation/backend.php on line 15
[26-Aug-2025 12:01:59 UTC] PHP Warning:  Cannot modify header information - headers already sent by (output started at /mnt/LocalDisk/CyberJagrithi/tools/test_all_tools.php:321) in /mnt/LocalDisk/CyberJagrithi/tools/views/jsonView.php on line 3
[26-Aug-2025 12:01:59 UTC] PHP Warning:  Cannot modify header information - headers already sent by (output started at /mnt/LocalDisk/CyberJagrithi/tools/test_all_tools.php:321) in /mnt/LocalDisk/CyberJagrithi/tools/views/jsonView.php on line 4
[26-Aug-2025 12:01:59 UTC] PHP Warning:  Cannot modify header information - headers already sent by (output started at /mnt/LocalDisk/CyberJagrithi/tools/test_all_tools.php:321) in /mnt/LocalDisk/CyberJagrithi/tools/views/jsonView.php on line 5
[26-Aug-2025 12:01:59 UTC] PHP Warning:  Cannot modify header information - headers already sent by (output started at /mnt/LocalDisk/CyberJagrithi/tools/test_all_tools.php:321) in /mnt/LocalDisk/CyberJagrithi/tools/views/jsonView.php on line 6
[26-Aug-2025 12:01:59 UTC] PHP Warning:  Cannot modify header information - headers already sent by (output started at /mnt/LocalDisk/CyberJagrithi/tools/test_all_tools.php:321) in /mnt/LocalDisk/CyberJagrithi/tools/security/SecurityUtils.php on line 203
[26-Aug-2025 12:01:59 UTC] PHP Warning:  Cannot modify header information - headers already sent by (output started at /mnt/LocalDisk/CyberJagrithi/tools/test_all_tools.php:321) in /mnt/LocalDisk/CyberJagrithi/tools/security/SecurityUtils.php on line 204
[26-Aug-2025 12:01:59 UTC] PHP Warning:  Cannot modify header information - headers already sent by (output started at /mnt/LocalDisk/CyberJagrithi/tools/test_all_tools.php:321) in /mnt/LocalDisk/CyberJagrithi/tools/security/SecurityUtils.php on line 205
[26-Aug-2025 12:01:59 UTC] PHP Warning:  Cannot modify header information - headers already sent by (output started at /mnt/LocalDisk/CyberJagrithi/tools/test_all_tools.php:321) in /mnt/LocalDisk/CyberJagrithi/tools/security/SecurityUtils.php on line 206
[26-Aug-2025 12:01:59 UTC] PHP Warning:  Cannot modify header information - headers already sent by (output started at /mnt/LocalDisk/CyberJagrithi/tools/test_all_tools.php:321) in /mnt/LocalDisk/CyberJagrithi/tools/security/SecurityUtils.php on line 207
[26-Aug-2025 12:01:59 UTC] PHP Warning:  Undefined variable $mysqli in /mnt/LocalDisk/CyberJagrithi/tools/dns-report/backend.php on line 12
[26-Aug-2025 12:01:59 UTC] PHP Fatal error:  Cannot redeclare function is_public_ip() (previously declared in /mnt/LocalDisk/CyberJagrithi/tools/models/DnsReportModel.php:22) in /mnt/LocalDisk/CyberJagrithi/tools/models/DnsReportModel.php on line 22
[26-Aug-2025 12:15:35 UTC] PHP Deprecated:  Constant FILTER_SANITIZE_STRING is deprecated in /mnt/LocalDisk/CyberJagrithi/tools/models/TracerouteModel.php on line 21
[26-Aug-2025 13:24:41 UTC] PHP Deprecated:  Creation of dynamic property DnsPropagationModel::$mysqli is deprecated in /mnt/LocalDisk/CyberJagrithi/tools/models/DnsPropagationModel.php on line 6
